exports[`db should be able to put & get a value 1`] = `
Object {
  "key": "bar",
  "value": Object {
    "body": undefined,
    "title": "bar",
  },
}
`;

exports[`db should throw when value isn't there 1`] = `[NotFoundError: Key not found in database]`;
